日志文件：logs/run_20250816_040312.log

== FedSD 0.01==
📁 从本地加载模型: /root/autodl-tmp/new/fedner/models/microsoft_BiomedNLP-PubMedBERT-base-uncased-abstract
Some weights of BertForTokenClassification were not initialized from the model checkpoint at /root/autodl-tmp/new/fedner/models/microsoft_BiomedNLP-PubMedBERT-base-uncased-abstract and are newly initialized because the shapes did not match:
- classifier.bias: found shape torch.Size([2]) in the checkpoint and torch.Size([43]) in the model instantiated
- classifier.weight: found shape torch.Size([2, 768]) in the checkpoint and torch.Size([43, 768]) in the model instantiated
You should probably TRAIN this model on a down-stream task to be able to use it for predictions and inference.
Using device: cuda
📁 从本地加载模型: /root/autodl-tmp/new/fedner/models/microsoft_BiomedNLP-PubMedBERT-base-uncased-abstract
Some weights of BertForTokenClassification were not initialized from the model checkpoint at /root/autodl-tmp/new/fedner/models/microsoft_BiomedNLP-PubMedBERT-base-uncased-abstract and are newly initialized because the shapes did not match:
- classifier.bias: found shape torch.Size([2]) in the checkpoint and torch.Size([43]) in the model instantiated
- classifier.weight: found shape torch.Size([2, 768]) in the checkpoint and torch.Size([43, 768]) in the model instantiated
You should probably TRAIN this model on a down-stream task to be able to use it for predictions and inference.

============================================================
EXPERIMENT CONFIGURATION
============================================================
Algorithm: FedSD | Clients: 10 (100% per round) | Rounds: 70, Local epochs: 2 | Training: Last 4 layers | Sampling: 200 samples per client (random) | Data: Non-IID (α=0.01)
------------------------------------------------------------
Algorithm-specific parameters for FedSD:
  - fedsd_alpha_ce: 1.0
  - fedsd_alpha_kl: 1.0
  - fedsd_alpha_hidden: 0.0
  - fedsd_temperature: 2.0
============================================================

Model initialized: 108,924,715/108,924,715 trainable params (100.0%)
Traceback (most recent call last):
  File "/root/autodl-tmp/new/fedner/run_experiment.py", line 389, in <module>
    main()
  File "/root/autodl-tmp/new/fedner/run_experiment.py", line 386, in main
    run_federated_training(cfg, tokenizer, label_list, client_train_sents, dev_sents, test_sents, model_init, device)
  File "/root/autodl-tmp/new/fedner/run_experiment.py", line 143, in run_federated_training
    trainer = FedSDTrainer(**trainer_kwargs)
              ^^^^^^^^^^^^^^^^^^^^^^^^^^^^^^
TypeError: FedSDTrainer.__init__() got an unexpected keyword argument 'sample_strategy'
